view_video.php?viewkey=6995d69db9814:169  GET https://www.pornhub.com/_xa/ads_batch?ads=true&clientType=mobile&channel[context_pornstar]=Abby-Kitty&channel[context_category]=Asian%2CBig-Ass%2CFetish%2CHD-Porn%2CPornstar%2CRole-Play%2CTrans-With-Girl%2CTransgender%2CVerified-Models&channel[context_tag]=hot-kissing%2Coral%2Ceating-pussy%2Clesbian%2Cstrap-on%2Chot-sex%2Ctaiwan%2Ctraining%2Cstory%2Cbig-butt%2C%E5%8F%B0%E7%81%A3%E8%87%80%E5%90%8E%2C%E5%8F%B0%E6%B9%BE%E8%87%80%E5%90%8E%2C%E8%89%BE%E7%88%B7%2Cchinese%2Cchinese-new-year%2Cpegging&channel[context_page_type]=video&channel[info]=%7B%22actor_id%22%3A567916711%2C%22content_type%22%3A%22model%22%2C%22video_id%22%3A481424735%2C%22timestamp%22%3A1789120658%2C%22hash%22%3A%22c6d942814f453be70c250793363fbc48%22%2C%22session_id%22%3A%22801851240605178086%22%7D&channel[site]=pornhub&site_id=23&device_type=mobile&hbresp=header&hb=B5C8807C-8BB5-469E-90CC-B0EBCBB4882A&data=%5B%7B%22spots%22%3A%5B%7B%22zone%22%3A985%7D%2C%7B%22zone%22%3A981%7D%2C%7B%22zone%22%3A4038%7D%2C%7B%22zone%22%3A2412751%7D%5D%7D%5D&noc=0&rk=a89ca50f5ffddc61eb3c87e9e0a10f78&dm=www.pornhub.com/_xa&width=393&height=895 net::ERR_BLOCKED_BY_CLIENT
requestHb @ view_video.php?viewkey=6995d69db9814:169
(anonymous) @ view_video.php?viewkey=6995d69db9814:172
view_video.php?viewkey=6995d69db9814:223  GET https://static.trafficjunky.com/invocation/embeddedads/production/embeddedads.es6.min.js?v=2026-09-11 net::ERR_BLOCKED_BY_CLIENT
addTjScript @ view_video.php?viewkey=6995d69db9814:223
(anonymous) @ view_video.php?viewkey=6995d69db9814:247
(anonymous) @ view_video.php?viewkey=6995d69db9814:248
view_video.php?viewkey=6995d69db9814:204  GET https://www.pornhub.com/_xa/ads_batch?ads=true&clientType=mobile&channel[context_pornstar]=Abby-Kitty&channel[context_category]=Asian%2CBig-Ass%2CFetish%2CHD-Porn%2CPornstar%2CRole-Play%2CTrans-With-Girl%2CTransgender%2CVerified-Models&channel[context_tag]=hot-kissing%2Coral%2Ceating-pussy%2Clesbian%2Cstrap-on%2Chot-sex%2Ctaiwan%2Ctraining%2Cstory%2Cbig-butt%2C%E5%8F%B0%E7%81%A3%E8%87%80%E5%90%8E%2C%E5%8F%B0%E6%B9%BE%E8%87%80%E5%90%8E%2C%E8%89%BE%E7%88%B7%2Cchinese%2Cchinese-new-year%2Cpegging&channel[context_page_type]=video&channel[info]=%7B%22actor_id%22%3A567916711%2C%22content_type%22%3A%22model%22%2C%22video_id%22%3A481424735%2C%22timestamp%22%3A1789120658%2C%22hash%22%3A%22c6d942814f453be70c250793363fbc48%22%2C%22session_id%22%3A%22801851240605178086%22%7D&channel[site]=pornhub&site_id=23&device_type=mobile&hc=B5C8807C-8BB5-469E-90CC-B0EBCBB4882A&data=%5B%7B%22spots%22%3A%5B%7B%22zone%22%3A985%7D%5D%7D%5D&noc=0&rk=a89ca50f5ffddc61eb3c87e9e0a10f78&dm=www.pornhub.com/_xa&width=393&height=895&v=4759067873 net::ERR_BLOCKED_BY_CLIENT
getAd @ view_video.php?viewkey=6995d69db9814:204
preloadAds @ view_video.php?viewkey=6995d69db9814:184
(anonymous) @ view_video.php?viewkey=6995d69db9814:209
setTimeout
reflect @ VM1288:20
(anonymous) @ VM1288:31
apply @ VM1288:20
apply @ VM1288:57
(anonymous) @ view_video.php?viewkey=6995d69db9814:208
view_video.php?viewkey=6995d69db9814:204  GET https://www.pornhub.com/_xa/ads_batch?ads=true&clientType=mobile&channel[context_pornstar]=Abby-Kitty&channel[context_category]=Asian%2CBig-Ass%2CFetish%2CHD-Porn%2CPornstar%2CRole-Play%2CTrans-With-Girl%2CTransgender%2CVerified-Models&channel[context_tag]=hot-kissing%2Coral%2Ceating-pussy%2Clesbian%2Cstrap-on%2Chot-sex%2Ctaiwan%2Ctraining%2Cstory%2Cbig-butt%2C%E5%8F%B0%E7%81%A3%E8%87%80%E5%90%8E%2C%E5%8F%B0%E6%B9%BE%E8%87%80%E5%90%8E%2C%E8%89%BE%E7%88%B7%2Cchinese%2Cchinese-new-year%2Cpegging&channel[context_page_type]=video&channel[info]=%7B%22actor_id%22%3A567916711%2C%22content_type%22%3A%22model%22%2C%22video_id%22%3A481424735%2C%22timestamp%22%3A1789120658%2C%22hash%22%3A%22c6d942814f453be70c250793363fbc48%22%2C%22session_id%22%3A%22801851240605178086%22%7D&channel[site]=pornhub&site_id=23&device_type=mobile&hc=B5C8807C-8BB5-469E-90CC-B0EBCBB4882A&data=%5B%7B%22spots%22%3A%5B%7B%22zone%22%3A981%7D%5D%7D%5D&noc=0&rk=a89ca50f5ffddc61eb3c87e9e0a10f78&dm=www.pornhub.com/_xa&width=393&height=895&v=7928174128 net::ERR_BLOCKED_BY_CLIENT
getAd @ view_video.php?viewkey=6995d69db9814:204
preloadAds @ view_video.php?viewkey=6995d69db9814:184
(anonymous) @ view_video.php?viewkey=6995d69db9814:209
setTimeout
reflect @ VM1288:20
(anonymous) @ VM1288:31
apply @ VM1288:20
apply @ VM1288:57
(anonymous) @ view_video.php?viewkey=6995d69db9814:208
view_video.php?viewkey=6995d69db9814:204  GET https://www.pornhub.com/_xa/ads_batch?ads=true&clientType=mobile&channel[context_pornstar]=Abby-Kitty&channel[context_category]=Asian%2CBig-Ass%2CFetish%2CHD-Porn%2CPornstar%2CRole-Play%2CTrans-With-Girl%2CTransgender%2CVerified-Models&channel[context_tag]=hot-kissing%2Coral%2Ceating-pussy%2Clesbian%2Cstrap-on%2Chot-sex%2Ctaiwan%2Ctraining%2Cstory%2Cbig-butt%2C%E5%8F%B0%E7%81%A3%E8%87%80%E5%90%8E%2C%E5%8F%B0%E6%B9%BE%E8%87%80%E5%90%8E%2C%E8%89%BE%E7%88%B7%2Cchinese%2Cchinese-new-year%2Cpegging&channel[context_page_type]=video&channel[info]=%7B%22actor_id%22%3A567916711%2C%22content_type%22%3A%22model%22%2C%22video_id%22%3A481424735%2C%22timestamp%22%3A1789120658%2C%22hash%22%3A%22c6d942814f453be70c250793363fbc48%22%2C%22session_id%22%3A%22801851240605178086%22%7D&channel[site]=pornhub&site_id=23&device_type=mobile&hc=B5C8807C-8BB5-469E-90CC-B0EBCBB4882A&data=%5B%7B%22spots%22%3A%5B%7B%22zone%22%3A4038%7D%5D%7D%5D&noc=0&rk=a89ca50f5ffddc61eb3c87e9e0a10f78&dm=www.pornhub.com/_xa&width=393&height=895&v=7166973229 net::ERR_BLOCKED_BY_CLIENT
getAd @ view_video.php?viewkey=6995d69db9814:204
preloadAds @ view_video.php?viewkey=6995d69db9814:184
(anonymous) @ view_video.php?viewkey=6995d69db9814:209
setTimeout
reflect @ VM1288:20
(anonymous) @ VM1288:31
apply @ VM1288:20
apply @ VM1288:57
(anonymous) @ view_video.php?viewkey=6995d69db9814:208
view_video.php?viewkey=6995d69db9814:204  GET https://www.pornhub.com/_xa/ads_batch?ads=true&clientType=mobile&channel[context_pornstar]=Abby-Kitty&channel[context_category]=Asian%2CBig-Ass%2CFetish%2CHD-Porn%2CPornstar%2CRole-Play%2CTrans-With-Girl%2CTransgender%2CVerified-Models&channel[context_tag]=hot-kissing%2Coral%2Ceating-pussy%2Clesbian%2Cstrap-on%2Chot-sex%2Ctaiwan%2Ctraining%2Cstory%2Cbig-butt%2C%E5%8F%B0%E7%81%A3%E8%87%80%E5%90%8E%2C%E5%8F%B0%E6%B9%BE%E8%87%80%E5%90%8E%2C%E8%89%BE%E7%88%B7%2Cchinese%2Cchinese-new-year%2Cpegging&channel[context_page_type]=video&channel[info]=%7B%22actor_id%22%3A567916711%2C%22content_type%22%3A%22model%22%2C%22video_id%22%3A481424735%2C%22timestamp%22%3A1789120658%2C%22hash%22%3A%22c6d942814f453be70c250793363fbc48%22%2C%22session_id%22%3A%22801851240605178086%22%7D&channel[site]=pornhub&site_id=23&device_type=mobile&hc=B5C8807C-8BB5-469E-90CC-B0EBCBB4882A&data=%5B%7B%22spots%22%3A%5B%7B%22zone%22%3A2412751%7D%5D%7D%5D&noc=0&rk=a89ca50f5ffddc61eb3c87e9e0a10f78&dm=www.pornhub.com/_xa&width=393&height=895&v=9487088218 net::ERR_BLOCKED_BY_CLIENT
getAd @ view_video.php?viewkey=6995d69db9814:204
preloadAds @ view_video.php?viewkey=6995d69db9814:184
(anonymous) @ view_video.php?viewkey=6995d69db9814:209
setTimeout
reflect @ VM1288:20
(anonymous) @ VM1288:31
apply @ VM1288:20
apply @ VM1288:57
(anonymous) @ view_video.php?viewkey=6995d69db9814:208
mobile-player.min.js:2  GET https://www.pornhub.com/_xa/ads?zone_id=1845501&site_id=23&preroll_type=json&channel%5Bcontext_tag%5D=hot-kissing%2Coral%2Ceating-pussy%2Clesbian%2Cstrap-on%2Chot-sex%2Ctaiwan%2Ctraining%2Cstory%2Cbig-butt%2C%E5%8F%B0%E7%81%A3%E8%87%80%E5%90%8E%2C%E5%8F%B0%E6%B9%BE%E8%87%80%E5%90%8E%2C%E8%89%BE%E7%88%B7%2Cchinese%2Cchinese-new-year%2Cpegging&channel%5Bcontext_category%5D=Asian%2CBig-Ass%2CFetish%2CPornstar%2CRole-Play%2CTransgender%2CVerified-Models%2CTrans-With-Girl&channel%5Bcontext_pornstar%5D=Abby-Kitty&channel%5Binfo%5D=%7B%22actor_id%22%3A567916711%2C%22content_type%22%3A%22model%22%2C%22video_id%22%3A481424735%2C%22timestamp%22%3A1789120658%2C%22hash%22%3A%2265074bbc9b2ac94f3e0d4a4035e50a48%22%2C%22session_id%22%3A%22505972391686438087%22%7D&noc=0&rk=a89ca50f5ffddc61eb3c87e9e0a10f78&cache=1789120658&t_version=2026091006.ded8398&channel%5Bsite%5D=pornhub&width=393&height=895 net::ERR_BLOCKED_BY_CLIENT
l @ mobile-player.min.js:2
(anonymous) @ mobile-player.min.js:2
f @ mobile-player.min.js:2
E @ mobile-player.min.js:2
(anonymous) @ mobile-player.min.js:2
(anonymous) @ mobile-player.min.js:2
o @ mobile-player.min.js:2
v @ mobile-player.min.js:2
fire @ mobile-player.min.js:2
Rt @ mobile-player.min.js:2
Promise.then
Et @ mobile-player.min.js:2
It @ mobile-player.min.js:2
startLoad @ mobile-player.min.js:2
(anonymous) @ mobile-player.min.js:2
(anonymous) @ mobile-player.min.js:2
x @ mobile-player.min.js:2
(anonymous) @ mobile-player.min.js:2
init @ mobile-player.min.js:2
createPlayer @ mobile-player.min.js:2
PH_PlayerComponent.Self.loadPlayer @ view_video.php?viewkey=6995d69db9814:3137
(anonymous) @ view_video.php?viewkey=6995d69db9814:2317
setTimeout
reflect @ VM1288:20
(anonymous) @ VM1288:31
apply @ VM1288:20
apply @ VM1288:57
PH_PlayerComponent.Self.loadVideoPlayer @ view_video.php?viewkey=6995d69db9814:2316
PH_PlayerComponent.Self.initializePlayer @ view_video.php?viewkey=6995d69db9814:2308
(anonymous) @ view_video.php?viewkey=6995d69db9814:3374
(anonymous) @ view_video.php?viewkey=6995d69db9814:3376
mobile-player.min.js:2  GET https://etahub.com/events?app_id=10896&bisMux=false&eventName=adroll_requesterror&nosVersion=10&nstartPoint=0&nvd=91&nvt=1789120658&scampaignId=Unknown&scdnHostname=haproxy&sfeatureName=adroll_requesterror&sfeatureValue=load_error&sformat=json&sh=www.pornhub.com&smsid=a89ca50f5ffddc61eb3c87e9e0a10f78&sorientation=portrait&sosName=Android&splatform=mobile&splayerName=mobile&splayerVersion=9.2.1_260811.473&sps=videoPage&srf&ssiteName=pornhub&svid=481424735&sws=487f9d1c9def696eae046026be91b0e4 net::ERR_BLOCKED_BY_CLIENT
l @ mobile-player.min.js:2
(anonymous) @ mobile-player.min.js:2
t @ mobile-player.min.js:2
b @ mobile-player.min.js:2
(anonymous) @ mobile-player.min.js:2
(anonymous) @ mobile-player.min.js:2
(anonymous) @ mobile-player.min.js:2
o @ mobile-player.min.js:2
v @ mobile-player.min.js:2
fire @ mobile-player.min.js:2
lt @ mobile-player.min.js:2
r @ mobile-player.min.js:2
(anonymous) @ mobile-player.min.js:2
o @ mobile-player.min.js:2
v @ mobile-player.min.js:2
fire @ mobile-player.min.js:2
v @ mobile-player.min.js:2
b @ mobile-player.min.js:2
(anonymous) @ mobile-player.min.js:2
Promise.catch
(anonymous) @ mobile-player.min.js:2
f @ mobile-player.min.js:2
E @ mobile-player.min.js:2
(anonymous) @ mobile-player.min.js:2
(anonymous) @ mobile-player.min.js:2
o @ mobile-player.min.js:2
v @ mobile-player.min.js:2
fire @ mobile-player.min.js:2
Rt @ mobile-player.min.js:2
Promise.then
Et @ mobile-player.min.js:2
It @ mobile-player.min.js:2
startLoad @ mobile-player.min.js:2
(anonymous) @ mobile-player.min.js:2
(anonymous) @ mobile-player.min.js:2
x @ mobile-player.min.js:2
(anonymous) @ mobile-player.min.js:2
init @ mobile-player.min.js:2
createPlayer @ mobile-player.min.js:2
PH_PlayerComponent.Self.loadPlayer @ view_video.php?viewkey=6995d69db9814:3137
(anonymous) @ view_video.php?viewkey=6995d69db9814:2317
setTimeout
reflect @ VM1288:20
(anonymous) @ VM1288:31
apply @ VM1288:20
apply @ VM1288:57
PH_PlayerComponent.Self.loadVideoPlayer @ view_video.php?viewkey=6995d69db9814:2316
PH_PlayerComponent.Self.initializePlayer @ view_video.php?viewkey=6995d69db9814:2308
(anonymous) @ view_video.php?viewkey=6995d69db9814:3374
(anonymous) @ view_video.php?viewkey=6995d69db9814:3376
mobile-player.min.js:2  GET https://etahub.com/events?app_id=10896&bfeatureValue=true&bisMux=false&eventName=btnPlay&nosVersion=10&nvd=91&nvideoTime=0&nvt=1789120658&scdnHostname=haproxy&sfeatureName=btnPlay&sh=www.pornhub.com&smsid=a89ca50f5ffddc61eb3c87e9e0a10f78&sorientation=portrait&sosName=Android&splatform=mobile&splayerName=mobile&splayerVersion=9.2.1_260811.473&sps=videoPage&srf&ssiteName=pornhub&svid=481424735&sws=487f9d1c9def696eae046026be91b0e4 net::ERR_BLOCKED_BY_CLIENT
l @ mobile-player.min.js:2
(anonymous) @ mobile-player.min.js:2
t @ mobile-player.min.js:2
b @ mobile-player.min.js:2
(anonymous) @ mobile-player.min.js:2
(anonymous) @ mobile-player.min.js:2
(anonymous) @ mobile-player.min.js:2
o @ mobile-player.min.js:2
v @ mobile-player.min.js:2
fire @ mobile-player.min.js:2
lt @ mobile-player.min.js:2
(anonymous) @ mobile-player.min.js:2
(anonymous) @ mobile-player.min.js:2
o @ mobile-player.min.js:2
v @ mobile-player.min.js:2
fire @ mobile-player.min.js:2
_fire @ mobile-player.min.js:2
(anonymous) @ mobile-player.min.js:2
(anonymous) @ mobile-player.min.js:2
view_video.php?viewkey=6995d69db9814:9186 ServiceWorker registration successful with scope:  https://www.pornhub.com/
user-clogs.js?cache=2026091006:78  POST https://i.pornhub.com/_i?type=event&event=reset-recommendations&origin=view_video.php&origin_url=%2Fview_video.php%3Fviewkey%3D6995d69db9814&origin_item_id=impression net::ERR_BLOCKED_BY_CLIENT
sendTracking @ user-clogs.js?cache=2026091006:78
track @ user-clogs.js?cache=2026091006:78
userClogTracking @ user-clogs.js?cache=2026091006:78
(anonymous) @ video-show-mobile.js?cache=2026091006:4
window.MG_Utils.e.domReady @ mg_utils-2.0.0.js?cache=2026091006:1
(anonymous) @ video-show-mobile.js?cache=2026091006:4
PendingScript
rt @ view_video.php?viewkey=6995d69db9814:321
b @ view_video.php?viewkey=6995d69db9814:321
(anonymous) @ view_video.php?viewkey=6995d69db9814:321
u @ view_video.php?viewkey=6995d69db9814:321
lt @ view_video.php?viewkey=6995d69db9814:321
Load_scripts.a.runHeadJs @ view_video.php?viewkey=6995d69db9814:8946
(anonymous) @ view_video.php?viewkey=6995d69db9814:8946
f @ view_video.php?viewkey=6995d69db9814:321
yt @ view_video.php?viewkey=6995d69db9814:321
Load_scripts.a.myFileList @ view_video.php?viewkey=6995d69db9814:8946
Load_scripts.a.init @ view_video.php?viewkey=6995d69db9814:8946
(anonymous) @ view_video.php?viewkey=6995d69db9814:8961
setInterval
(anonymous) @ view_video.php?viewkey=6995d69db9814:8958
mobile-player.min.js:2  GET https://etahub.com/events?app_id=10896&bisMux=false&eventName=adroll_requesterror&nosVersion=10&nstartPoint=0&nvd=91&nvt=1789120658&scampaignId=Unknown&scdnHostname=haproxy&sfeatureName=adroll_requesterror&sfeatureValue=load_error&sformat=json&sh=www.pornhub.com&smsid=a89ca50f5ffddc61eb3c87e9e0a10f78&sorientation=portrait&sosName=Android&splatform=mobile&splayerName=mobile&splayerVersion=9.2.1_260811.473&sps=videoPage&srf&ssiteName=pornhub&svid=481424735&sws=487f9d1c9def696eae046026be91b0e4 net::ERR_BLOCKED_BY_CLIENT
l @ mobile-player.min.js:2
(anonymous) @ mobile-player.min.js:2
t @ mobile-player.min.js:2
(anonymous) @ mobile-player.min.js:2
setTimeout
reflect @ VM1288:20
(anonymous) @ VM1288:31
apply @ VM1288:20
apply @ VM1288:57
onFailure @ mobile-player.min.js:2
(anonymous) @ mobile-player.min.js:2
Promise.catch
(anonymous) @ mobile-player.min.js:2
t @ mobile-player.min.js:2
b @ mobile-player.min.js:2
(anonymous) @ mobile-player.min.js:2
(anonymous) @ mobile-player.min.js:2
(anonymous) @ mobile-player.min.js:2
o @ mobile-player.min.js:2
v @ mobile-player.min.js:2
fire @ mobile-player.min.js:2
lt @ mobile-player.min.js:2
r @ mobile-player.min.js:2
(anonymous) @ mobile-player.min.js:2
o @ mobile-player.min.js:2
v @ mobile-player.min.js:2
fire @ mobile-player.min.js:2
v @ mobile-player.min.js:2
b @ mobile-player.min.js:2
(anonymous) @ mobile-player.min.js:2
Promise.catch
(anonymous) @ mobile-player.min.js:2
f @ mobile-player.min.js:2
E @ mobile-player.min.js:2
(anonymous) @ mobile-player.min.js:2
(anonymous) @ mobile-player.min.js:2
o @ mobile-player.min.js:2
v @ mobile-player.min.js:2
fire @ mobile-player.min.js:2
Rt @ mobile-player.min.js:2
Promise.then
Et @ mobile-player.min.js:2
It @ mobile-player.min.js:2
startLoad @ mobile-player.min.js:2
(anonymous) @ mobile-player.min.js:2
(anonymous) @ mobile-player.min.js:2
x @ mobile-player.min.js:2
(anonymous) @ mobile-player.min.js:2
init @ mobile-player.min.js:2
createPlayer @ mobile-player.min.js:2
PH_PlayerComponent.Self.loadPlayer @ view_video.php?viewkey=6995d69db9814:3137
(anonymous) @ view_video.php?viewkey=6995d69db9814:2317
setTimeout
reflect @ VM1288:20
(anonymous) @ VM1288:31
apply @ VM1288:20
apply @ VM1288:57
PH_PlayerComponent.Self.loadVideoPlayer @ view_video.php?viewkey=6995d69db9814:2316
PH_PlayerComponent.Self.initializePlayer @ view_video.php?viewkey=6995d69db9814:2308
(anonymous) @ view_video.php?viewkey=6995d69db9814:3374
(anonymous) @ view_video.php?viewkey=6995d69db9814:3376
view_video.php?viewkey=6995d69db9814:1 Banner not shown: beforeinstallpromptevent.preventDefault() called. The page must call beforeinstallpromptevent.prompt() to show the banner.
mobile-player.min.js:2  GET https://etahub.com/events?app_id=10896&bfeatureValue=true&bisMux=false&eventName=btnPlay&nosVersion=10&nvd=91&nvideoTime=0&nvt=1789120658&scdnHostname=haproxy&sfeatureName=btnPlay&sh=www.pornhub.com&smsid=a89ca50f5ffddc61eb3c87e9e0a10f78&sorientation=portrait&sosName=Android&splatform=mobile&splayerName=mobile&splayerVersion=9.2.1_260811.473&sps=videoPage&srf&ssiteName=pornhub&svid=481424735&sws=487f9d1c9def696eae046026be91b0e4 net::ERR_BLOCKED_BY_CLIENT
l @ mobile-player.min.js:2
(anonymous) @ mobile-player.min.js:2
t @ mobile-player.min.js:2
(anonymous) @ mobile-player.min.js:2
setTimeout
reflect @ VM1288:20
(anonymous) @ VM1288:31
apply @ VM1288:20
apply @ VM1288:57
onFailure @ mobile-player.min.js:2
(anonymous) @ mobile-player.min.js:2
Promise.catch
(anonymous) @ mobile-player.min.js:2
t @ mobile-player.min.js:2
b @ mobile-player.min.js:2
(anonymous) @ mobile-player.min.js:2
(anonymous) @ mobile-player.min.js:2
(anonymous) @ mobile-player.min.js:2
o @ mobile-player.min.js:2
v @ mobile-player.min.js:2
fire @ mobile-player.min.js:2
lt @ mobile-player.min.js:2
(anonymous) @ mobile-player.min.js:2
(anonymous) @ mobile-player.min.js:2
o @ mobile-player.min.js:2
v @ mobile-player.min.js:2
fire @ mobile-player.min.js:2
_fire @ mobile-player.min.js:2
(anonymous) @ mobile-player.min.js:2
(anonymous) @ mobile-player.min.js:2
mobile-player.min.js:2  GET https://www.pornhub.com/_xa/ads?zone_id=2524521&site_id=23&preroll_type=json&channel%5Bcontext_tag%5D=hot-kissing%2Coral%2Ceating-pussy%2Clesbian%2Cstrap-on%2Chot-sex%2Ctaiwan%2Ctraining%2Cstory%2Cbig-butt%2C%E5%8F%B0%E7%81%A3%E8%87%80%E5%90%8E%2C%E5%8F%B0%E6%B9%BE%E8%87%80%E5%90%8E%2C%E8%89%BE%E7%88%B7%2Cchinese%2Cchinese-new-year%2Cpegging&channel%5Bcontext_category%5D=Asian%2CBig-Ass%2CFetish%2CPornstar%2CRole-Play%2CTransgender%2CVerified-Models%2CTrans-With-Girl&channel%5Bcontext_pornstar%5D=Abby-Kitty&channel%5Binfo%5D=%7B%22actor_id%22%3A567916711%2C%22content_type%22%3A%22model%22%2C%22video_id%22%3A481424735%2C%22timestamp%22%3A1789120658%2C%22hash%22%3A%2265074bbc9b2ac94f3e0d4a4035e50a48%22%2C%22session_id%22%3A%22505972391686438087%22%7D&noc=0&ap=1&rk=a89ca50f5ffddc61eb3c87e9e0a10f78&cache=1789120658&t_version=2026091006.ded8398&channel%5Bsite%5D=pornhub&width=393&height=895 net::ERR_BLOCKED_BY_CLIENT
l @ mobile-player.min.js:2
(anonymous) @ mobile-player.min.js:2
f @ mobile-player.min.js:2
E @ mobile-player.min.js:2
(anonymous) @ mobile-player.min.js:2
(anonymous) @ mobile-player.min.js:2
o @ mobile-player.min.js:2
v @ mobile-player.min.js:2
fire @ mobile-player.min.js:2
Rt @ mobile-player.min.js:2
Promise.then
Et @ mobile-player.min.js:2
It @ mobile-player.min.js:2
startLoad @ mobile-player.min.js:2
(anonymous) @ mobile-player.min.js:2
(anonymous) @ mobile-player.min.js:2
x @ mobile-player.min.js:2
(anonymous) @ mobile-player.min.js:2
init @ mobile-player.min.js:2
createPlayer @ mobile-player.min.js:2
initializeRelatedOutstreamAdPlayer @ video-show-mobile.js?cache=2026091006:4
setTimeout
reflect @ VM1288:20
(anonymous) @ VM1288:31
apply @ VM1288:20
apply @ VM1288:57
observeRelatedOutstreamAdPlayer @ video-show-mobile.js?cache=2026091006:4
(anonymous) @ video-show-mobile.js?cache=2026091006:4
PendingScript
rt @ view_video.php?viewkey=6995d69db9814:321
b @ view_video.php?viewkey=6995d69db9814:321
(anonymous) @ view_video.php?viewkey=6995d69db9814:321
u @ view_video.php?viewkey=6995d69db9814:321
lt @ view_video.php?viewkey=6995d69db9814:321
Load_scripts.a.runHeadJs @ view_video.php?viewkey=6995d69db9814:8946
(anonymous) @ view_video.php?viewkey=6995d69db9814:8946
f @ view_video.php?viewkey=6995d69db9814:321
yt @ view_video.php?viewkey=6995d69db9814:321
Load_scripts.a.myFileList @ view_video.php?viewkey=6995d69db9814:8946
Load_scripts.a.init @ view_video.php?viewkey=6995d69db9814:8946
(anonymous) @ view_video.php?viewkey=6995d69db9814:8961
setInterval
(anonymous) @ view_video.php?viewkey=6995d69db9814:8958
mobile-player.min.js:2  GET https://etahub.com/events?app_id=10896&bisMux=false&eventName=adroll_requesterror&nosVersion=10&nstartPoint=0&nvd=0&nvt=1789120667201&scampaignId=Unknown&scdnHostname=Unknown&scdnHostnameRaw&sfeatureName=adroll_requesterror&sfeatureValue=load_error&sformat=json&sh=www.pornhub.com&smsid&sorientation=portrait&sosName=Android&splatform=mobile&splayerName=mobile&splayerVersion=9.2.1_260811.473&sps=other_view_video.php&srf&ssiteName=pornhub&svid=undefined&sws net::ERR_BLOCKED_BY_CLIENT
l @ mobile-player.min.js:2
(anonymous) @ mobile-player.min.js:2
t @ mobile-player.min.js:2
b @ mobile-player.min.js:2
(anonymous) @ mobile-player.min.js:2
(anonymous) @ mobile-player.min.js:2
(anonymous) @ mobile-player.min.js:2
o @ mobile-player.min.js:2
v @ mobile-player.min.js:2
fire @ mobile-player.min.js:2
lt @ mobile-player.min.js:2
r @ mobile-player.min.js:2
(anonymous) @ mobile-player.min.js:2
o @ mobile-player.min.js:2
v @ mobile-player.min.js:2
fire @ mobile-player.min.js:2
v @ mobile-player.min.js:2
b @ mobile-player.min.js:2
(anonymous) @ mobile-player.min.js:2
Promise.catch
(anonymous) @ mobile-player.min.js:2
f @ mobile-player.min.js:2
E @ mobile-player.min.js:2
(anonymous) @ mobile-player.min.js:2
(anonymous) @ mobile-player.min.js:2
o @ mobile-player.min.js:2
v @ mobile-player.min.js:2
fire @ mobile-player.min.js:2
Rt @ mobile-player.min.js:2
Promise.then
Et @ mobile-player.min.js:2
It @ mobile-player.min.js:2
startLoad @ mobile-player.min.js:2
(anonymous) @ mobile-player.min.js:2
(anonymous) @ mobile-player.min.js:2
x @ mobile-player.min.js:2
(anonymous) @ mobile-player.min.js:2
init @ mobile-player.min.js:2
createPlayer @ mobile-player.min.js:2
initializeRelatedOutstreamAdPlayer @ video-show-mobile.js?cache=2026091006:4
setTimeout
reflect @ VM1288:20
(anonymous) @ VM1288:31
apply @ VM1288:20
apply @ VM1288:57
observeRelatedOutstreamAdPlayer @ video-show-mobile.js?cache=2026091006:4
(anonymous) @ video-show-mobile.js?cache=2026091006:4
PendingScript
rt @ view_video.php?viewkey=6995d69db9814:321
b @ view_video.php?viewkey=6995d69db9814:321
(anonymous) @ view_video.php?viewkey=6995d69db9814:321
u @ view_video.php?viewkey=6995d69db9814:321
lt @ view_video.php?viewkey=6995d69db9814:321
Load_scripts.a.runHeadJs @ view_video.php?viewkey=6995d69db9814:8946
(anonymous) @ view_video.php?viewkey=6995d69db9814:8946
f @ view_video.php?viewkey=6995d69db9814:321
yt @ view_video.php?viewkey=6995d69db9814:321
Load_scripts.a.myFileList @ view_video.php?viewkey=6995d69db9814:8946
Load_scripts.a.init @ view_video.php?viewkey=6995d69db9814:8946
(anonymous) @ view_video.php?viewkey=6995d69db9814:8961
setInterval
(anonymous) @ view_video.php?viewkey=6995d69db9814:8958
user-clogs.js?cache=2026091006:78  POST https://i.pornhub.com/_i?type=event&event=reset-recommendations&origin=view_video.php&origin_url=%2Fview_video.php%3Fviewkey%3D6995d69db9814&origin_item_id=impression net::ERR_BLOCKED_BY_CLIENT
sendTracking @ user-clogs.js?cache=2026091006:78
(anonymous) @ user-clogs.js?cache=2026091006:78
setTimeout
reflect @ VM1288:20
(anonymous) @ VM1288:31
apply @ VM1288:20
apply @ VM1288:57
(anonymous) @ user-clogs.js?cache=2026091006:78
Promise.catch
sendTracking @ user-clogs.js?cache=2026091006:78
track @ user-clogs.js?cache=2026091006:78
userClogTracking @ user-clogs.js?cache=2026091006:78
(anonymous) @ video-show-mobile.js?cache=2026091006:4
window.MG_Utils.e.domReady @ mg_utils-2.0.0.js?cache=2026091006:1
(anonymous) @ video-show-mobile.js?cache=2026091006:4
PendingScript
rt @ view_video.php?viewkey=6995d69db9814:321
b @ view_video.php?viewkey=6995d69db9814:321
(anonymous) @ view_video.php?viewkey=6995d69db9814:321
u @ view_video.php?viewkey=6995d69db9814:321
lt @ view_video.php?viewkey=6995d69db9814:321
Load_scripts.a.runHeadJs @ view_video.php?viewkey=6995d69db9814:8946
(anonymous) @ view_video.php?viewkey=6995d69db9814:8946
f @ view_video.php?viewkey=6995d69db9814:321
yt @ view_video.php?viewkey=6995d69db9814:321
Load_scripts.a.myFileList @ view_video.php?viewkey=6995d69db9814:8946
Load_scripts.a.init @ view_video.php?viewkey=6995d69db9814:8946
(anonymous) @ view_video.php?viewkey=6995d69db9814:8961
setInterval
(anonymous) @ view_video.php?viewkey=6995d69db9814:8958
mobile-player.min.js:2  GET https://etahub.com/events?app_id=10896&bisMux=false&eventName=playerLoaded&ndate=1789120668162&nloadtime=266.6&nosVersion=10&nrendertime=185.7&nvd=91&nvt=1789120658&scdnHostname=haproxy&sfeatureName=playerLoaded&sfeatureValue=mobile&sfullscreenMode=player&sh=www.pornhub.com&smsid=a89ca50f5ffddc61eb3c87e9e0a10f78&sorientation=portrait&sosName=Android&splatform=mobile&splayerName=mobile&splayerVersion=9.2.1_260811.473&sps=videoPage&srf&ssiteName=pornhub&svid=481424735&svideoTitle=AB153%20Price%20if%20Stardom-Taiwan%20Ellie%26%23x27%3Bs%20new%20Year%20Ad%20Hidden%20Rules&sws=487f9d1c9def696eae046026be91b0e4 net::ERR_BLOCKED_BY_CLIENT
l @ mobile-player.min.js:2
(anonymous) @ mobile-player.min.js:2
t @ mobile-player.min.js:2
b @ mobile-player.min.js:2
(anonymous) @ mobile-player.min.js:2
(anonymous) @ mobile-player.min.js:2
(anonymous) @ mobile-player.min.js:2
o @ mobile-player.min.js:2
v @ mobile-player.min.js:2
fire @ mobile-player.min.js:2
lt @ mobile-player.min.js:2
pt @ mobile-player.min.js:2
(anonymous) @ mobile-player.min.js:2
(anonymous) @ mobile-player.min.js:2
o @ mobile-player.min.js:2
v @ mobile-player.min.js:2
fire @ mobile-player.min.js:2
zt @ mobile-player.min.js:2
(anonymous) @ mobile-player.min.js:2
(anonymous) @ mobile-player.min.js:2
o @ mobile-player.min.js:2
v @ mobile-player.min.js:2
fire @ mobile-player.min.js:2
e @ mobile-player.min.js:2
mobile-player.min.js:2  GET https://etahub.com/events?app_id=10896&bfeatureValue=true&bisMux=false&eventName=playing&nosVersion=10&ntimeToPlay=6839&nvd=91&nvt=1789120658&scdnHostname=haproxy&sfeatureName=playing&sh=www.pornhub.com&smsid=a89ca50f5ffddc61eb3c87e9e0a10f78&sorientation=portrait&sosName=Android&splatform=mobile&splayerName=mobile&splayerVersion=9.2.1_260811.473&sps=videoPage&srf&ssiteName=pornhub&svid=481424735&sws=487f9d1c9def696eae046026be91b0e4 net::ERR_BLOCKED_BY_CLIENT
l @ mobile-player.min.js:2
(anonymous) @ mobile-player.min.js:2
t @ mobile-player.min.js:2
b @ mobile-player.min.js:2
(anonymous) @ mobile-player.min.js:2
(anonymous) @ mobile-player.min.js:2
(anonymous) @ mobile-player.min.js:2
o @ mobile-player.min.js:2
v @ mobile-player.min.js:2
fire @ mobile-player.min.js:2
lt @ mobile-player.min.js:2
p.once @ mobile-player.min.js:2
(anonymous) @ mobile-player.min.js:2
o @ mobile-player.min.js:2
v @ mobile-player.min.js:2
fire @ mobile-player.min.js:2
(anonymous) @ mobile-player.min.js:2
playing
(anonymous) @ mobile-player.min.js:2
et @ mobile-player.min.js:2
(anonymous) @ mobile-player.min.js:2
(anonymous) @ mobile-player.min.js:2
o @ mobile-player.min.js:2
v @ mobile-player.min.js:2
fire @ mobile-player.min.js:2
zt @ mobile-player.min.js:2
(anonymous) @ mobile-player.min.js:2
(anonymous) @ mobile-player.min.js:2
o @ mobile-player.min.js:2
v @ mobile-player.min.js:2
fire @ mobile-player.min.js:2
e @ mobile-player.min.js:2
mobile-player.min.js:2  GET https://etahub.com/events?app_id=10896&bfeatureValue=true&bisMux=false&eventName=volumeMute&nosVersion=10&nvd=0&nvt=1789120667074&scdnHostname=Unknown&scdnHostnameRaw&sfeatureName=volumeMute&sh=www.pornhub.com&smsid&sorientation=portrait&sosName=Android&splatform=mobile&splayerName=mobile&splayerVersion=9.2.1_260811.473&sps=other_view_video.php&srf&ssiteName=pornhub&svid=undefined&sws net::ERR_BLOCKED_BY_CLIENT
l @ mobile-player.min.js:2
(anonymous) @ mobile-player.min.js:2
t @ mobile-player.min.js:2
b @ mobile-player.min.js:2
(anonymous) @ mobile-player.min.js:2
setTimeout
reflect @ VM1288:20
(anonymous) @ VM1288:31
apply @ VM1288:20
apply @ VM1288:57
(anonymous) @ mobile-player.min.js:2
o @ mobile-player.min.js:2
m @ mobile-player.min.js:2
l @ mobile-player.min.js:2
(anonymous) @ mobile-player.min.js:2
(anonymous) @ mobile-player.min.js:2
o @ mobile-player.min.js:2
v @ mobile-player.min.js:2
fire @ mobile-player.min.js:2
c @ mobile-player.min.js:2
user-clogs.js?cache=2026091006:78  POST https://i.pornhub.com/_i?type=event&event=reset-recommendations&origin=view_video.php&origin_url=%2Fview_video.php%3Fviewkey%3D6995d69db9814&origin_item_id=impression net::ERR_BLOCKED_BY_CLIENT
sendTracking @ user-clogs.js?cache=2026091006:78
(anonymous) @ user-clogs.js?cache=2026091006:78
setTimeout
reflect @ VM1288:20
(anonymous) @ VM1288:31
apply @ VM1288:20
apply @ VM1288:57
(anonymous) @ user-clogs.js?cache=2026091006:78
Promise.catch
sendTracking @ user-clogs.js?cache=2026091006:78
(anonymous) @ user-clogs.js?cache=2026091006:78
setTimeout
reflect @ VM1288:20
(anonymous) @ VM1288:31
apply @ VM1288:20
apply @ VM1288:57
(anonymous) @ user-clogs.js?cache=2026091006:78
Promise.catch
sendTracking @ user-clogs.js?cache=2026091006:78
track @ user-clogs.js?cache=2026091006:78
userClogTracking @ user-clogs.js?cache=2026091006:78
(anonymous) @ video-show-mobile.js?cache=2026091006:4
window.MG_Utils.e.domReady @ mg_utils-2.0.0.js?cache=2026091006:1
(anonymous) @ video-show-mobile.js?cache=2026091006:4
PendingScript
rt @ view_video.php?viewkey=6995d69db9814:321
b @ view_video.php?viewkey=6995d69db9814:321
(anonymous) @ view_video.php?viewkey=6995d69db9814:321
u @ view_video.php?viewkey=6995d69db9814:321
lt @ view_video.php?viewkey=6995d69db9814:321
Load_scripts.a.runHeadJs @ view_video.php?viewkey=6995d69db9814:8946
(anonymous) @ view_video.php?viewkey=6995d69db9814:8946
f @ view_video.php?viewkey=6995d69db9814:321
yt @ view_video.php?viewkey=6995d69db9814:321
Load_scripts.a.myFileList @ view_video.php?viewkey=6995d69db9814:8946
Load_scripts.a.init @ view_video.php?viewkey=6995d69db9814:8946
(anonymous) @ view_video.php?viewkey=6995d69db9814:8961
setInterval
(anonymous) @ view_video.php?viewkey=6995d69db9814:8958
mobile-player.min.js:2  GET https://etahub.com/events?app_id=10896&bisMux=false&eventName=textlink&nosVersion=10&nvd=91&nvt=1789120658&scampaignId=567916711&scdnHostname=haproxy&sfeatureName=textlink&sfeatureValue=show&sh=www.pornhub.com&smsid=a89ca50f5ffddc61eb3c87e9e0a10f78&sorientation=portrait&sosName=Android&splatform=mobile&splayerName=mobile&splayerVersion=9.2.1_260811.473&sps=videoPage&srf&ssiteName=pornhub&svid=481424735&sws=487f9d1c9def696eae046026be91b0e4 net::ERR_BLOCKED_BY_CLIENT
l @ mobile-player.min.js:2
(anonymous) @ mobile-player.min.js:2
t @ mobile-player.min.js:2
b @ mobile-player.min.js:2
(anonymous) @ mobile-player.min.js:2
(anonymous) @ mobile-player.min.js:2
(anonymous) @ mobile-player.min.js:2
o @ mobile-player.min.js:2
v @ mobile-player.min.js:2
fire @ mobile-player.min.js:2
lt @ mobile-player.min.js:2
r @ mobile-player.min.js:2
(anonymous) @ mobile-player.min.js:2
o @ mobile-player.min.js:2
v @ mobile-player.min.js:2
fire @ mobile-player.min.js:2
_fire @ mobile-player.min.js:2
_trackTextLinks @ mobile-player.min.js:2
_showOverlay @ mobile-player.min.js:2
(anonymous) @ mobile-player.min.js:2
setTimeout
reflect @ VM1288:20
(anonymous) @ VM1288:31
apply @ VM1288:20
apply @ VM1288:57
(anonymous) @ mobile-player.min.js:2
o @ mobile-player.min.js:2
_startTimers @ mobile-player.min.js:2
(anonymous) @ mobile-player.min.js:2
(anonymous) @ mobile-player.min.js:2
o @ mobile-player.min.js:2
v @ mobile-player.min.js:2
fire @ mobile-player.min.js:2
(anonymous) @ mobile-player.min.js:2
mobile-player.min.js:2  GET https://etahub.com/events?app_id=10896&bisMux=false&eventName=adroll_requesterror&nosVersion=10&nstartPoint=0&nvd=0&nvt=1789120667201&scampaignId=Unknown&scdnHostname=Unknown&scdnHostnameRaw&sfeatureName=adroll_requesterror&sfeatureValue=load_error&sformat=json&sh=www.pornhub.com&smsid&sorientation=portrait&sosName=Android&splatform=mobile&splayerName=mobile&splayerVersion=9.2.1_260811.473&sps=other_view_video.php&srf&ssiteName=pornhub&svid=undefined&sws net::ERR_BLOCKED_BY_CLIENT
l @ mobile-player.min.js:2
(anonymous) @ mobile-player.min.js:2
t @ mobile-player.min.js:2
(anonymous) @ mobile-player.min.js:2
setTimeout
reflect @ VM1288:20
(anonymous) @ VM1288:31
apply @ VM1288:20
apply @ VM1288:57
onFailure @ mobile-player.min.js:2
(anonymous) @ mobile-player.min.js:2
Promise.catch
(anonymous) @ mobile-player.min.js:2
t @ mobile-player.min.js:2
b @ mobile-player.min.js:2
(anonymous) @ mobile-player.min.js:2
(anonymous) @ mobile-player.min.js:2
(anonymous) @ mobile-player.min.js:2
o @ mobile-player.min.js:2
v @ mobile-player.min.js:2
fire @ mobile-player.min.js:2
lt @ mobile-player.min.js:2
r @ mobile-player.min.js:2
(anonymous) @ mobile-player.min.js:2
o @ mobile-player.min.js:2
v @ mobile-player.min.js:2
fire @ mobile-player.min.js:2
v @ mobile-player.min.js:2
b @ mobile-player.min.js:2
(anonymous) @ mobile-player.min.js:2
Promise.catch
(anonymous) @ mobile-player.min.js:2
f @ mobile-player.min.js:2
E @ mobile-player.min.js:2
(anonymous) @ mobile-player.min.js:2
(anonymous) @ mobile-player.min.js:2
o @ mobile-player.min.js:2
v @ mobile-player.min.js:2
fire @ mobile-player.min.js:2
Rt @ mobile-player.min.js:2
Promise.then
Et @ mobile-player.min.js:2
It @ mobile-player.min.js:2
startLoad @ mobile-player.min.js:2
(anonymous) @ mobile-player.min.js:2
(anonymous) @ mobile-player.min.js:2
x @ mobile-player.min.js:2
(anonymous) @ mobile-player.min.js:2
init @ mobile-player.min.js:2
createPlayer @ mobile-player.min.js:2
initializeRelatedOutstreamAdPlayer @ video-show-mobile.js?cache=2026091006:4
setTimeout
reflect @ VM1288:20
(anonymous) @ VM1288:31
apply @ VM1288:20
apply @ VM1288:57
observeRelatedOutstreamAdPlayer @ video-show-mobile.js?cache=2026091006:4
(anonymous) @ video-show-mobile.js?cache=2026091006:4
PendingScript
rt @ view_video.php?viewkey=6995d69db9814:321
b @ view_video.php?viewkey=6995d69db9814:321
(anonymous) @ view_video.php?viewkey=6995d69db9814:321
u @ view_video.php?viewkey=6995d69db9814:321
lt @ view_video.php?viewkey=6995d69db9814:321
Load_scripts.a.runHeadJs @ view_video.php?viewkey=6995d69db9814:8946
(anonymous) @ view_video.php?viewkey=6995d69db9814:8946
f @ view_video.php?viewkey=6995d69db9814:321
yt @ view_video.php?viewkey=6995d69db9814:321
Load_scripts.a.myFileList @ view_video.php?viewkey=6995d69db9814:8946
Load_scripts.a.init @ view_video.php?viewkey=6995d69db9814:8946
(anonymous) @ view_video.php?viewkey=6995d69db9814:8961
setInterval
(anonymous) @ view_video.php?viewkey=6995d69db9814:8958
user-clogs.js?cache=2026091006:78  POST https://i.pornhub.com/_i?type=event&event=reset-recommendations&origin=view_video.php&origin_url=%2Fview_video.php%3Fviewkey%3D6995d69db9814&origin_item_id=impression net::ERR_BLOCKED_BY_CLIENT
sendTracking @ user-clogs.js?cache=2026091006:78
(anonymous) @ user-clogs.js?cache=2026091006:78
setTimeout
reflect @ VM1288:20
(anonymous) @ VM1288:31
apply @ VM1288:20
apply @ VM1288:57
(anonymous) @ user-clogs.js?cache=2026091006:78
Promise.catch
sendTracking @ user-clogs.js?cache=2026091006:78
(anonymous) @ user-clogs.js?cache=2026091006:78
setTimeout
reflect @ VM1288:20
(anonymous) @ VM1288:31
apply @ VM1288:20
apply @ VM1288:57
(anonymous) @ user-clogs.js?cache=2026091006:78
Promise.catch
sendTracking @ user-clogs.js?cache=2026091006:78
(anonymous) @ user-clogs.js?cache=2026091006:78
setTimeout
reflect @ VM1288:20
(anonymous) @ VM1288:31
apply @ VM1288:20
apply @ VM1288:57
(anonymous) @ user-clogs.js?cache=2026091006:78
Promise.catch
sendTracking @ user-clogs.js?cache=2026091006:78
track @ user-clogs.js?cache=2026091006:78
userClogTracking @ user-clogs.js?cache=2026091006:78
(anonymous) @ video-show-mobile.js?cache=2026091006:4
window.MG_Utils.e.domReady @ mg_utils-2.0.0.js?cache=2026091006:1
(anonymous) @ video-show-mobile.js?cache=2026091006:4
PendingScript
rt @ view_video.php?viewkey=6995d69db9814:321
b @ view_video.php?viewkey=6995d69db9814:321
(anonymous) @ view_video.php?viewkey=6995d69db9814:321
u @ view_video.php?viewkey=6995d69db9814:321
lt @ view_video.php?viewkey=6995d69db9814:321
Load_scripts.a.runHeadJs @ view_video.php?viewkey=6995d69db9814:8946
(anonymous) @ view_video.php?viewkey=6995d69db9814:8946
f @ view_video.php?viewkey=6995d69db9814:321
yt @ view_video.php?viewkey=6995d69db9814:321
Load_scripts.a.myFileList @ view_video.php?viewkey=6995d69db9814:8946
Load_scripts.a.init @ view_video.php?viewkey=6995d69db9814:8946
(anonymous) @ view_video.php?viewkey=6995d69db9814:8961
setInterval
(anonymous) @ view_video.php?viewkey=6995d69db9814:8958
user-clogs.js?cache=2026091006:78 Tracking failed after retries: TypeError: Failed to fetch
    at UserClogTracker.sendTracking (user-clogs.js?cache=2026091006:78:2549)
    at user-clogs.js?cache=2026091006:78:2771
(anonymous) @ user-clogs.js?cache=2026091006:78
Promise.catch
sendTracking @ user-clogs.js?cache=2026091006:78
(anonymous) @ user-clogs.js?cache=2026091006:78
setTimeout
reflect @ VM1288:20
(anonymous) @ VM1288:31
apply @ VM1288:20
apply @ VM1288:57
(anonymous) @ user-clogs.js?cache=2026091006:78
Promise.catch
sendTracking @ user-clogs.js?cache=2026091006:78
(anonymous) @ user-clogs.js?cache=2026091006:78
setTimeout
reflect @ VM1288:20
(anonymous) @ VM1288:31
apply @ VM1288:20
apply @ VM1288:57
(anonymous) @ user-clogs.js?cache=2026091006:78
Promise.catch
sendTracking @ user-clogs.js?cache=2026091006:78
(anonymous) @ user-clogs.js?cache=2026091006:78
setTimeout
reflect @ VM1288:20
(anonymous) @ VM1288:31
apply @ VM1288:20
apply @ VM1288:57
(anonymous) @ user-clogs.js?cache=2026091006:78
Promise.catch
sendTracking @ user-clogs.js?cache=2026091006:78
track @ user-clogs.js?cache=2026091006:78
userClogTracking @ user-clogs.js?cache=2026091006:78
(anonymous) @ video-show-mobile.js?cache=2026091006:4
window.MG_Utils.e.domReady @ mg_utils-2.0.0.js?cache=2026091006:1
(anonymous) @ video-show-mobile.js?cache=2026091006:4
PendingScript
rt @ view_video.php?viewkey=6995d69db9814:321
b @ view_video.php?viewkey=6995d69db9814:321
(anonymous) @ view_video.php?viewkey=6995d69db9814:321
u @ view_video.php?viewkey=6995d69db9814:321
lt @ view_video.php?viewkey=6995d69db9814:321
Load_scripts.a.runHeadJs @ view_video.php?viewkey=6995d69db9814:8946
(anonymous) @ view_video.php?viewkey=6995d69db9814:8946
f @ view_video.php?viewkey=6995d69db9814:321
yt @ view_video.php?viewkey=6995d69db9814:321
Load_scripts.a.myFileList @ view_video.php?viewkey=6995d69db9814:8946
Load_scripts.a.init @ view_video.php?viewkey=6995d69db9814:8946
(anonymous) @ view_video.php?viewkey=6995d69db9814:8961
setInterval
(anonymous) @ view_video.php?viewkey=6995d69db9814:8958
mobile-player.min.js:2  GET https://etahub.com/events?app_id=10896&bfeatureValue=true&bisMux=false&eventName=volumeMute&nosVersion=10&nvd=0&nvt=1789120667074&scdnHostname=Unknown&scdnHostnameRaw&sfeatureName=volumeMute&sh=www.pornhub.com&smsid&sorientation=portrait&sosName=Android&splatform=mobile&splayerName=mobile&splayerVersion=9.2.1_260811.473&sps=other_view_video.php&srf&ssiteName=pornhub&svid=undefined&sws net::ERR_BLOCKED_BY_CLIENT
l @ mobile-player.min.js:2
(anonymous) @ mobile-player.min.js:2
t @ mobile-player.min.js:2
b @ mobile-player.min.js:2
(anonymous) @ mobile-player.min.js:2
setTimeout
reflect @ VM1288:20
(anonymous) @ VM1288:31
apply @ VM1288:20
apply @ VM1288:57
(anonymous) @ mobile-player.min.js:2
o @ mobile-player.min.js:2
m @ mobile-player.min.js:2
l @ mobile-player.min.js:2
(anonymous) @ mobile-player.min.js:2
(anonymous) @ mobile-player.min.js:2
o @ mobile-player.min.js:2
v @ mobile-player.min.js:2
fire @ mobile-player.min.js:2
ht @ mobile-player.min.js:2
mobile-player.min.js:2  GET https://etahub.com/events?app_id=10896&bisMux=false&eventName=playerLoaded&ndate=1789120668162&nloadtime=266.6&nosVersion=10&nrendertime=185.7&nvd=91&nvt=1789120658&scdnHostname=haproxy&sfeatureName=playerLoaded&sfeatureValue=mobile&sfullscreenMode=player&sh=www.pornhub.com&smsid=a89ca50f5ffddc61eb3c87e9e0a10f78&sorientation=portrait&sosName=Android&splatform=mobile&splayerName=mobile&splayerVersion=9.2.1_260811.473&sps=videoPage&srf&ssiteName=pornhub&svid=481424735&svideoTitle=AB153%20Price%20if%20Stardom-Taiwan%20Ellie%26%23x27%3Bs%20new%20Year%20Ad%20Hidden%20Rules&sws=487f9d1c9def696eae046026be91b0e4 net::ERR_BLOCKED_BY_CLIENT
l @ mobile-player.min.js:2
(anonymous) @ mobile-player.min.js:2
t @ mobile-player.min.js:2
(anonymous) @ mobile-player.min.js:2
setTimeout
reflect @ VM1288:20
(anonymous) @ VM1288:31
apply @ VM1288:20
apply @ VM1288:57
onFailure @ mobile-player.min.js:2
(anonymous) @ mobile-player.min.js:2
Promise.catch
(anonymous) @ mobile-player.min.js:2
t @ mobile-player.min.js:2
b @ mobile-player.min.js:2
(anonymous) @ mobile-player.min.js:2
(anonymous) @ mobile-player.min.js:2
(anonymous) @ mobile-player.min.js:2
o @ mobile-player.min.js:2
v @ mobile-player.min.js:2
fire @ mobile-player.min.js:2
lt @ mobile-player.min.js:2
pt @ mobile-player.min.js:2
(anonymous) @ mobile-player.min.js:2
(anonymous) @ mobile-player.min.js:2
o @ mobile-player.min.js:2
v @ mobile-player.min.js:2
fire @ mobile-player.min.js:2
zt @ mobile-player.min.js:2
(anonymous) @ mobile-player.min.js:2
(anonymous) @ mobile-player.min.js:2
o @ mobile-player.min.js:2
v @ mobile-player.min.js:2
fire @ mobile-player.min.js:2
e @ mobile-player.min.js:2
mobile-player.min.js:2  GET https://etahub.com/events?app_id=10896&bfeatureValue=true&bisMux=false&eventName=playing&nosVersion=10&ntimeToPlay=6839&nvd=91&nvt=1789120658&scdnHostname=haproxy&sfeatureName=playing&sh=www.pornhub.com&smsid=a89ca50f5ffddc61eb3c87e9e0a10f78&sorientation=portrait&sosName=Android&splatform=mobile&splayerName=mobile&splayerVersion=9.2.1_260811.473&sps=videoPage&srf&ssiteName=pornhub&svid=481424735&sws=487f9d1c9def696eae046026be91b0e4 net::ERR_BLOCKED_BY_CLIENT
l @ mobile-player.min.js:2
(anonymous) @ mobile-player.min.js:2
t @ mobile-player.min.js:2
(anonymous) @ mobile-player.min.js:2
setTimeout
reflect @ VM1288:20
(anonymous) @ VM1288:31
apply @ VM1288:20
apply @ VM1288:57
onFailure @ mobile-player.min.js:2
(anonymous) @ mobile-player.min.js:2
Promise.catch
(anonymous) @ mobile-player.min.js:2
t @ mobile-player.min.js:2
b @ mobile-player.min.js:2
(anonymous) @ mobile-player.min.js:2
(anonymous) @ mobile-player.min.js:2
(anonymous) @ mobile-player.min.js:2
o @ mobile-player.min.js:2
v @ mobile-player.min.js:2
fire @ mobile-player.min.js:2
lt @ mobile-player.min.js:2
p.once @ mobile-player.min.js:2
(anonymous) @ mobile-player.min.js:2
o @ mobile-player.min.js:2
v @ mobile-player.min.js:2
fire @ mobile-player.min.js:2
(anonymous) @ mobile-player.min.js:2
playing
(anonymous) @ mobile-player.min.js:2
et @ mobile-player.min.js:2
(anonymous) @ mobile-player.min.js:2
(anonymous) @ mobile-player.min.js:2
o @ mobile-player.min.js:2
v @ mobile-player.min.js:2
fire @ mobile-player.min.js:2
zt @ mobile-player.min.js:2
(anonymous) @ mobile-player.min.js:2
(anonymous) @ mobile-player.min.js:2
o @ mobile-player.min.js:2
v @ mobile-player.min.js:2
fire @ mobile-player.min.js:2
e @ mobile-player.min.js:2
mobile-player.min.js:2  GET https://etahub.com/events?app_id=10896&bfeatureValue=true&bisMux=false&eventName=volumeMute&nosVersion=10&nvd=0&nvt=1789120667074&scdnHostname=Unknown&scdnHostnameRaw&sfeatureName=volumeMute&sh=www.pornhub.com&smsid&sorientation=portrait&sosName=Android&splatform=mobile&splayerName=mobile&splayerVersion=9.2.1_260811.473&sps=other_view_video.php&srf&ssiteName=pornhub&svid=undefined&sws net::ERR_BLOCKED_BY_CLIENT
l @ mobile-player.min.js:2
(anonymous) @ mobile-player.min.js:2
t @ mobile-player.min.js:2
(anonymous) @ mobile-player.min.js:2
setTimeout
reflect @ VM1288:20
(anonymous) @ VM1288:31
apply @ VM1288:20
apply @ VM1288:57
onFailure @ mobile-player.min.js:2
(anonymous) @ mobile-player.min.js:2
Promise.catch
(anonymous) @ mobile-player.min.js:2
t @ mobile-player.min.js:2
b @ mobile-player.min.js:2
(anonymous) @ mobile-player.min.js:2
setTimeout
reflect @ VM1288:20
(anonymous) @ VM1288:31
apply @ VM1288:20
apply @ VM1288:57
(anonymous) @ mobile-player.min.js:2
o @ mobile-player.min.js:2
m @ mobile-player.min.js:2
l @ mobile-player.min.js:2
(anonymous) @ mobile-player.min.js:2
(anonymous) @ mobile-player.min.js:2
o @ mobile-player.min.js:2
v @ mobile-player.min.js:2
fire @ mobile-player.min.js:2
c @ mobile-player.min.js:2
mobile-player.min.js:2  GET https://etahub.com/events?app_id=10948&cdnHostname=haproxy&eventName=timewatched&featureName=timewatched&featureValue=5&h=www.pornhub.com&isMux=false&msid=a89ca50f5ffddc61eb3c87e9e0a10f78&orientation=portrait&osName=Android&osVersion=10&platform=mobile&playerName=mobile&playerVersion=9.2.1_260811.473&ps=videoPage&pt=5&rf&siteName=pornhub&vd=94.96600000000001&vid=481424735&vt=1789120658&ws=487f9d1c9def696eae046026be91b0e4 net::ERR_BLOCKED_BY_CLIENT
l @ mobile-player.min.js:2
(anonymous) @ mobile-player.min.js:2
t @ mobile-player.min.js:2
b @ mobile-player.min.js:2
(anonymous) @ mobile-player.min.js:2
(anonymous) @ mobile-player.min.js:2
(anonymous) @ mobile-player.min.js:2
o @ mobile-player.min.js:2
v @ mobile-player.min.js:2
fire @ mobile-player.min.js:2
lt @ mobile-player.min.js:2
r @ mobile-player.min.js:2
(anonymous) @ mobile-player.min.js:2
o @ mobile-player.min.js:2
v @ mobile-player.min.js:2
fire @ mobile-player.min.js:2
(anonymous) @ mobile-player.min.js:2
playbackTimeChanged @ mobile-player.min.js:2
(anonymous) @ mobile-player.min.js:2
o @ mobile-player.min.js:2
v @ mobile-player.min.js:2
fire @ mobile-player.min.js:2
(anonymous) @ mobile-player.min.js:2
mobile-player.min.js:2  GET https://etahub.com/events?app_id=10896&bfeatureValue=true&bisMux=false&eventName=volumeMute&nosVersion=10&nvd=0&nvt=1789120667074&scdnHostname=Unknown&scdnHostnameRaw&sfeatureName=volumeMute&sh=www.pornhub.com&smsid&sorientation=portrait&sosName=Android&splatform=mobile&splayerName=mobile&splayerVersion=9.2.1_260811.473&sps=other_view_video.php&srf&ssiteName=pornhub&svid=undefined&sws net::ERR_BLOCKED_BY_CLIENT
l @ mobile-player.min.js:2
(anonymous) @ mobile-player.min.js:2
t @ mobile-player.min.js:2
b @ mobile-player.min.js:2
(anonymous) @ mobile-player.min.js:2
setTimeout
reflect @ VM1288:20
(anonymous) @ VM1288:31
apply @ VM1288:20
apply @ VM1288:57
(anonymous) @ mobile-player.min.js:2
o @ mobile-player.min.js:2
m @ mobile-player.min.js:2
l @ mobile-player.min.js:2
(anonymous) @ mobile-player.min.js:2
(anonymous) @ mobile-player.min.js:2
o @ mobile-player.min.js:2
v @ mobile-player.min.js:2
fire @ mobile-player.min.js:2
c @ mobile-player.min.js:2
mobile-player.min.js:2  GET https://etahub.com/events?app_id=10896&bisMux=false&eventName=textlink&nosVersion=10&nvd=91&nvt=1789120658&scampaignId=567916711&scdnHostname=haproxy&sfeatureName=textlink&sfeatureValue=show&sh=www.pornhub.com&smsid=a89ca50f5ffddc61eb3c87e9e0a10f78&sorientation=portrait&sosName=Android&splatform=mobile&splayerName=mobile&splayerVersion=9.2.1_260811.473&sps=videoPage&srf&ssiteName=pornhub&svid=481424735&sws=487f9d1c9def696eae046026be91b0e4 net::ERR_BLOCKED_BY_CLIENT
l @ mobile-player.min.js:2
(anonymous) @ mobile-player.min.js:2
t @ mobile-player.min.js:2
(anonymous) @ mobile-player.min.js:2
setTimeout
reflect @ VM1288:20
(anonymous) @ VM1288:31
apply @ VM1288:20
apply @ VM1288:57
onFailure @ mobile-player.min.js:2
(anonymous) @ mobile-player.min.js:2
Promise.catch
(anonymous) @ mobile-player.min.js:2
t @ mobile-player.min.js:2
b @ mobile-player.min.js:2
(anonymous) @ mobile-player.min.js:2
(anonymous) @ mobile-player.min.js:2
(anonymous) @ mobile-player.min.js:2
o @ mobile-player.min.js:2
v @ mobile-player.min.js:2
fire @ mobile-player.min.js:2
lt @ mobile-player.min.js:2
r @ mobile-player.min.js:2
(anonymous) @ mobile-player.min.js:2
o @ mobile-player.min.js:2
v @ mobile-player.min.js:2
fire @ mobile-player.min.js:2
_fire @ mobile-player.min.js:2
_trackTextLinks @ mobile-player.min.js:2
_showOverlay @ mobile-player.min.js:2
(anonymous) @ mobile-player.min.js:2
setTimeout
reflect @ VM1288:20
(anonymous) @ VM1288:31
apply @ VM1288:20
apply @ VM1288:57
(anonymous) @ mobile-player.min.js:2
o @ mobile-player.min.js:2
_startTimers @ mobile-player.min.js:2
(anonymous) @ mobile-player.min.js:2
(anonymous) @ mobile-player.min.js:2
o @ mobile-player.min.js:2
v @ mobile-player.min.js:2
fire @ mobile-player.min.js:2
(anonymous) @ mobile-player.min.js:2
mobile-player.min.js:2  GET https://etahub.com/events?app_id=10896&bfeatureValue=true&bisMux=false&eventName=volumeMute&nosVersion=10&nvd=0&nvt=1789120667074&scdnHostname=Unknown&scdnHostnameRaw&sfeatureName=volumeMute&sh=www.pornhub.com&smsid&sorientation=portrait&sosName=Android&splatform=mobile&splayerName=mobile&splayerVersion=9.2.1_260811.473&sps=other_view_video.php&srf&ssiteName=pornhub&svid=undefined&sws net::ERR_BLOCKED_BY_CLIENT
l @ mobile-player.min.js:2
(anonymous) @ mobile-player.min.js:2
t @ mobile-player.min.js:2
(anonymous) @ mobile-player.min.js:2
setTimeout
reflect @ VM1288:20
(anonymous) @ VM1288:31
apply @ VM1288:20
apply @ VM1288:57
onFailure @ mobile-player.min.js:2
(anonymous) @ mobile-player.min.js:2
Promise.catch
(anonymous) @ mobile-player.min.js:2
t @ mobile-player.min.js:2
b @ mobile-player.min.js:2
(anonymous) @ mobile-player.min.js:2
setTimeout
reflect @ VM1288:20
(anonymous) @ VM1288:31
apply @ VM1288:20
apply @ VM1288:57
(anonymous) @ mobile-player.min.js:2
o @ mobile-player.min.js:2
m @ mobile-player.min.js:2
l @ mobile-player.min.js:2
(anonymous) @ mobile-player.min.js:2
(anonymous) @ mobile-player.min.js:2
o @ mobile-player.min.js:2
v @ mobile-player.min.js:2
fire @ mobile-player.min.js:2
ht @ mobile-player.min.js:2
mobile-player.min.js:2  GET https://etahub.com/events?app_id=10948&cdnHostname=haproxy&eventName=timewatched&featureName=timewatched&featureValue=10&h=www.pornhub.com&isMux=false&msid=a89ca50f5ffddc61eb3c87e9e0a10f78&orientation=portrait&osName=Android&osVersion=10&platform=mobile&playerName=mobile&playerVersion=9.2.1_260811.473&ps=videoPage&pt=10&rf&siteName=pornhub&vd=94.96600000000001&vid=481424735&vt=1789120658&ws=487f9d1c9def696eae046026be91b0e4 net::ERR_BLOCKED_BY_CLIENT
l @ mobile-player.min.js:2
(anonymous) @ mobile-player.min.js:2
t @ mobile-player.min.js:2
b @ mobile-player.min.js:2
(anonymous) @ mobile-player.min.js:2
(anonymous) @ mobile-player.min.js:2
(anonymous) @ mobile-player.min.js:2
o @ mobile-player.min.js:2
v @ mobile-player.min.js:2
fire @ mobile-player.min.js:2
lt @ mobile-player.min.js:2
r @ mobile-player.min.js:2
(anonymous) @ mobile-player.min.js:2
o @ mobile-player.min.js:2
v @ mobile-player.min.js:2
fire @ mobile-player.min.js:2
(anonymous) @ mobile-player.min.js:2
playbackTimeChanged @ mobile-player.min.js:2
(anonymous) @ mobile-player.min.js:2
o @ mobile-player.min.js:2
v @ mobile-player.min.js:2
fire @ mobile-player.min.js:2
(anonymous) @ mobile-player.min.js:2
mobile-player.min.js:2  GET https://etahub.com/events?app_id=10948&cdnHostname=haproxy&eventName=timewatched&featureName=timewatched&featureValue=5&h=www.pornhub.com&isMux=false&msid=a89ca50f5ffddc61eb3c87e9e0a10f78&orientation=portrait&osName=Android&osVersion=10&platform=mobile&playerName=mobile&playerVersion=9.2.1_260811.473&ps=videoPage&pt=5&rf&siteName=pornhub&vd=94.96600000000001&vid=481424735&vt=1789120658&ws=487f9d1c9def696eae046026be91b0e4 net::ERR_BLOCKED_BY_CLIENT
l @ mobile-player.min.js:2
(anonymous) @ mobile-player.min.js:2
t @ mobile-player.min.js:2
(anonymous) @ mobile-player.min.js:2
setTimeout
reflect @ VM1288:20
(anonymous) @ VM1288:31
apply @ VM1288:20
apply @ VM1288:57
onFailure @ mobile-player.min.js:2
(anonymous) @ mobile-player.min.js:2
Promise.catch
(anonymous) @ mobile-player.min.js:2
t @ mobile-player.min.js:2
b @ mobile-player.min.js:2
(anonymous) @ mobile-player.min.js:2
(anonymous) @ mobile-player.min.js:2
(anonymous) @ mobile-player.min.js:2
o @ mobile-player.min.js:2
v @ mobile-player.min.js:2
fire @ mobile-player.min.js:2
lt @ mobile-player.min.js:2
r @ mobile-player.min.js:2
(anonymous) @ mobile-player.min.js:2
o @ mobile-player.min.js:2
v @ mobile-player.min.js:2
fire @ mobile-player.min.js:2
(anonymous) @ mobile-player.min.js:2
playbackTimeChanged @ mobile-player.min.js:2
(anonymous) @ mobile-player.min.js:2
o @ mobile-player.min.js:2
v @ mobile-player.min.js:2
fire @ mobile-player.min.js:2
(anonymous) @ mobile-player.min.js:2
mobile-player.min.js:2  GET https://etahub.com/events?app_id=10896&bisMux=false&eventName=adroll_requesterror&nosVersion=10&nstartPoint=0&nvd=91&nvt=1789120658&scampaignId=Unknown&scdnHostname=haproxy&sfeatureName=adroll_requesterror&sfeatureValue=load_error&sformat=json&sh=www.pornhub.com&smsid=a89ca50f5ffddc61eb3c87e9e0a10f78&sorientation=portrait&sosName=Android&splatform=mobile&splayerName=mobile&splayerVersion=9.2.1_260811.473&sps=videoPage&srf&ssiteName=pornhub&svid=481424735&sws=487f9d1c9def696eae046026be91b0e4 net::ERR_BLOCKED_BY_CLIENT
l @ mobile-player.min.js:2
(anonymous) @ mobile-player.min.js:2
t @ mobile-player.min.js:2
(anonymous) @ mobile-player.min.js:2
setTimeout
reflect @ VM1288:20
(anonymous) @ VM1288:31
apply @ VM1288:20
apply @ VM1288:57
onFailure @ mobile-player.min.js:2
(anonymous) @ mobile-player.min.js:2
Promise.catch
(anonymous) @ mobile-player.min.js:2
t @ mobile-player.min.js:2
(anonymous) @ mobile-player.min.js:2
setTimeout
reflect @ VM1288:20
(anonymous) @ VM1288:31
apply @ VM1288:20
apply @ VM1288:57
onFailure @ mobile-player.min.js:2
(anonymous) @ mobile-player.min.js:2
Promise.catch
(anonymous) @ mobile-player.min.js:2
t @ mobile-player.min.js:2
b @ mobile-player.min.js:2
(anonymous) @ mobile-player.min.js:2
(anonymous) @ mobile-player.min.js:2
(anonymous) @ mobile-player.min.js:2
o @ mobile-player.min.js:2
v @ mobile-player.min.js:2
fire @ mobile-player.min.js:2
lt @ mobile-player.min.js:2
r @ mobile-player.min.js:2
(anonymous) @ mobile-player.min.js:2
o @ mobile-player.min.js:2
v @ mobile-player.min.js:2
fire @ mobile-player.min.js:2
v @ mobile-player.min.js:2
b @ mobile-player.min.js:2
(anonymous) @ mobile-player.min.js:2
Promise.catch
(anonymous) @ mobile-player.min.js:2
f @ mobile-player.min.js:2
E @ mobile-player.min.js:2
(anonymous) @ mobile-player.min.js:2
(anonymous) @ mobile-player.min.js:2
o @ mobile-player.min.js:2
v @ mobile-player.min.js:2
fire @ mobile-player.min.js:2
Rt @ mobile-player.min.js:2
Promise.then
Et @ mobile-player.min.js:2
It @ mobile-player.min.js:2
startLoad @ mobile-player.min.js:2
(anonymous) @ mobile-player.min.js:2
(anonymous) @ mobile-player.min.js:2
x @ mobile-player.min.js:2
(anonymous) @ mobile-player.min.js:2
init @ mobile-player.min.js:2
createPlayer @ mobile-player.min.js:2
PH_PlayerComponent.Self.loadPlayer @ view_video.php?viewkey=6995d69db9814:3137
(anonymous) @ view_video.php?viewkey=6995d69db9814:2317
setTimeout
reflect @ VM1288:20
(anonymous) @ VM1288:31
apply @ VM1288:20
apply @ VM1288:57
PH_PlayerComponent.Self.loadVideoPlayer @ view_video.php?viewkey=6995d69db9814:2316
PH_PlayerComponent.Self.initializePlayer @ view_video.php?viewkey=6995d69db9814:2308
(anonymous) @ view_video.php?viewkey=6995d69db9814:3374
(anonymous) @ view_video.php?viewkey=6995d69db9814:3376
mobile-player.min.js:2  GET https://etahub.com/events?app_id=10896&bfeatureValue=true&bisMux=false&eventName=volumeMute&nosVersion=10&nvd=0&nvt=1789120667074&scdnHostname=Unknown&scdnHostnameRaw&sfeatureName=volumeMute&sh=www.pornhub.com&smsid&sorientation=portrait&sosName=Android&splatform=mobile&splayerName=mobile&splayerVersion=9.2.1_260811.473&sps=other_view_video.php&srf&ssiteName=pornhub&svid=undefined&sws net::ERR_BLOCKED_BY_CLIENT
l @ mobile-player.min.js:2
(anonymous) @ mobile-player.min.js:2
t @ mobile-player.min.js:2
(anonymous) @ mobile-player.min.js:2
setTimeout
reflect @ VM1288:20
(anonymous) @ VM1288:31
apply @ VM1288:20
apply @ VM1288:57
onFailure @ mobile-player.min.js:2
(anonymous) @ mobile-player.min.js:2
Promise.catch
(anonymous) @ mobile-player.min.js:2
t @ mobile-player.min.js:2
b @ mobile-player.min.js:2
(anonymous) @ mobile-player.min.js:2
setTimeout
reflect @ VM1288:20
(anonymous) @ VM1288:31
apply @ VM1288:20
apply @ VM1288:57
(anonymous) @ mobile-player.min.js:2
o @ mobile-player.min.js:2
m @ mobile-player.min.js:2
l @ mobile-player.min.js:2
(anonymous) @ mobile-player.min.js:2
(anonymous) @ mobile-player.min.js:2
o @ mobile-player.min.js:2
v @ mobile-player.min.js:2
fire @ mobile-player.min.js:2
c @ mobile-player.min.js:2
mobile-player.min.js:2  GET https://etahub.com/events?app_id=10896&bfeatureValue=true&bisMux=false&eventName=btnPlay&nosVersion=10&nvd=91&nvideoTime=0&nvt=1789120658&scdnHostname=haproxy&sfeatureName=btnPlay&sh=www.pornhub.com&smsid=a89ca50f5ffddc61eb3c87e9e0a10f78&sorientation=portrait&sosName=Android&splatform=mobile&splayerName=mobile&splayerVersion=9.2.1_260811.473&sps=videoPage&srf&ssiteName=pornhub&svid=481424735&sws=487f9d1c9def696eae046026be91b0e4 net::ERR_BLOCKED_BY_CLIENT
l @ mobile-player.min.js:2
(anonymous) @ mobile-player.min.js:2
t @ mobile-player.min.js:2
(anonymous) @ mobile-player.min.js:2
setTimeout
reflect @ VM1288:20
(anonymous) @ VM1288:31
apply @ VM1288:20
apply @ VM1288:57
onFailure @ mobile-player.min.js:2
(anonymous) @ mobile-player.min.js:2
Promise.catch
(anonymous) @ mobile-player.min.js:2
t @ mobile-player.min.js:2
(anonymous) @ mobile-player.min.js:2
setTimeout
reflect @ VM1288:20
(anonymous) @ VM1288:31
apply @ VM1288:20
apply @ VM1288:57
onFailure @ mobile-player.min.js:2
(anonymous) @ mobile-player.min.js:2
Promise.catch
(anonymous) @ mobile-player.min.js:2
t @ mobile-player.min.js:2
b @ mobile-player.min.js:2
(anonymous) @ mobile-player.min.js:2
(anonymous) @ mobile-player.min.js:2
(anonymous) @ mobile-player.min.js:2
o @ mobile-player.min.js:2
v @ mobile-player.min.js:2
fire @ mobile-player.min.js:2
lt @ mobile-player.min.js:2
(anonymous) @ mobile-player.min.js:2
(anonymous) @ mobile-player.min.js:2
o @ mobile-player.min.js:2
v @ mobile-player.min.js:2
fire @ mobile-player.min.js:2
_fire @ mobile-player.min.js:2
(anonymous) @ mobile-player.min.js:2
(anonymous) @ mobile-player.min.js:2
  GET https://etahub.com/events?app_id=10948&cdnHostname=haproxy&eventName=timewatched&featureName=timewatched&featureValue=10&h=www.pornhub.com&isMux=false&msid=a89ca50f5ffddc61eb3c87e9e0a10f78&orientation=portrait&osName=Android&osVersion=10&platform=mobile&playerName=mobile&playerVersion=9.2.1_260811.473&ps=videoPage&pt=10&rf&siteName=pornhub&vd=94.96600000000001&vid=481424735&vt=1789120658&ws=487f9d1c9def696eae046026be91b0e4 net::ERR_BLOCKED_BY_CLIENT
  GET https://etahub.com/events?app_id=10948&cdnHostname=haproxy&eventName=timewatched&featureName=timewatched&featureValue=15&h=www.pornhub.com&isMux=false&msid=a89ca50f5ffddc61eb3c87e9e0a10f78&orientation=portrait&osName=Android&osVersion=10&platform=mobile&playerName=mobile&playerVersion=9.2.1_260811.473&ps=videoPage&pt=15&rf&siteName=pornhub&vd=94.96600000000001&vid=481424735&vt=1789120658&ws=487f9d1c9def696eae046026be91b0e4 net::ERR_BLOCKED_BY_CLIENT
